[Fri 07/17/2026 23:41:54.60] starting server 
[Fri 07/17/2026 23:42:20.51] server exited (code 1) - restarting in 3s 
[Fri 07/17/2026 23:42:23.12] starting server 
[Sat 07/18/2026  1:54:07.61] server exited (code -1) - restarting in 3s 
[Sat 07/18/2026  1:54:10.17] starting server 
[Sat 07/18/2026  5:10:59.25] starting server 
[Sat 07/18/2026  5:26:10.11] server exited (code 1) - restarting in 3s 
[Sat 07/18/2026  5:26:13.13] starting server 
[Sat 07/18/2026  5:46:41.12] server exited (code 1) - restarting in 3s 
[Sat 07/18/2026  5:46:44.12] starting server 
[Sat 07/18/2026  6:09:47.90] server exited (code 1073807364) - restarting in 3s 
[Sun 07/19/2026  1:25:49.86] starting server 
[Sun 07/19/2026  3:28:38.47] starting server 
[Sun 07/19/2026  4:03:52.25] server exited (code 1) - restarting in 3s 
[Sun 07/19/2026  4:03:55.16] starting server 
[Sun 07/19/2026  4:03:55.67] starting server 
[Sun 07/19/2026  4:14:50.67] server exited (code 1) - restarting in 3s 
[Sun 07/19/2026  4:14:50.68] server exited (code 1) - restarting in 3s 
[Sun 07/19/2026  4:14:53.19] starting server 
[Sun 07/19/2026  4:14:53.21] starting server 
[Sun 07/19/2026  4:14:54.33] starting server 
[Sun 07/19/2026  4:18:12.33] server exited (code 1073807364) - restarting in 3s 
[Sun 07/19/2026  4:18:12.47] server exited (code 1073807364) - restarting in 3s 
[Sun 07/19/2026  4:18:12.48] server exited (code 1073807364) - restarting in 3s 
[Sun 07/19/2026 13:54:12.77] starting server 
[Sun 07/19/2026 14:01:27.11] server exited (code -1) - restarting in 3s 
[Sun 07/19/2026 14:01:30.22] starting server 
[Sun 07/19/2026 20:21:37.22] server exited (code -1) - restarting in 3s 
[Sun 07/19/2026 20:21:40.11] starting server 
[Tue 07/21/2026  4:23:42.11] starting server 
[Tue 07/21/2026  4:45:34.40] server exited (code 1073807364) - restarting in 3s 
[Tue 07/21/2026 21:37:19.86] starting server 
[Tue 07/21/2026 21:38:43.89] server exited (code -1) - restarting in 3s 
[Tue 07/21/2026 21:38:46.20] starting server 
[Tue 07/21/2026 22:03:42.53] server exited (code -1) - restarting in 3s 
[Tue 07/21/2026 22:03:45.20] starting server 
[Wed 07/22/2026 13:57:33.38] starting server 
[Wed 07/22/2026 14:12:57.10] server exited (code -1) - restarting in 3s 
[Wed 07/22/2026 14:13:00.17] starting server 
[Wed 07/22/2026 17:08:56.37] server exited (code -1) - restarting in 3s 
[Wed 07/22/2026 17:08:59.17] starting server 
[Sun 07/26/2026 20:06:37.14] starting server 
[Mon 07/27/2026  3:38:18.96] server exited (code 1073807364) - restarting in 3s 
[Sun 08/02/2026 15:18:32.00] starting server 
[Mon 08/03/2026  2:34:44.91] server exited (code -1) - restarting in 3s 
[Mon 08/03/2026  2:34:48.20] starting server 
[Mon 08/03/2026  3:17:23.81] server exited (code 1073807364) - restarting in 3s 
[Fri 08/07/2026 20:56:48.55] starting server 
